../Drivers/CMSIS/Include/core_cm4.h:2064:26:ITM_SendChar	16	static,ignoring_inline_asm
../Core/Src/main.c:99:5:main	8	static
../Core/Src/main.c:230:6:SystemClock_Config	88	static
../Core/Src/main.c:276:6:PeriphCommonClock_Config	32	static
../Core/Src/main.c:297:13:MX_I2S2_Init	8	static
../Core/Src/main.c:331:13:MX_I2S3_Init	8	static
../Core/Src/main.c:365:13:MX_I2S4_Init	8	static
../Core/Src/main.c:399:13:MX_SDIO_SD_Init	4	static
../Core/Src/main.c:427:13:MX_USART2_UART_Init	8	static
../Core/Src/main.c:458:13:MX_DMA_Init	16	static
../Core/Src/main.c:483:13:MX_GPIO_Init	48	static
../Core/Src/main.c:516:5:_write	32	static
../Core/Src/main.c:527:6:HAL_I2S_RxCpltCallback	16	static
../Core/Src/main.c:544:6:HAL_I2S_RxHalfCpltCallback	16	static
../Core/Src/main.c:560:6:HAL_GPIO_EXTI_Callback	16	static
../Core/Src/main.c:574:6:Error_Handler	4	static,ignoring_inline_asm
